<?xml version="1.0" encoding="UTF-8"?>
<TestRun id="d49b4e4c-d480-4a50-a684-0658827fab32" name="NureevAV@W-NUREEVAV 2012-02-01 13:27:06" runUser="CORP\NureevAV" xmlns="http://microsoft.com/schemas/VisualStudio/TeamTest/2010">
  <TestSettings name="Default Test Settings" id="da41bc85-ef46-45ee-859e-3e4499b31031">
    <Deployment runDeploymentRoot="NureevAV_W-NUREEVAV 2012-02-01 13_27_06">
      <DeploymentItem filename="D:\Work\My Documents\Visual Studio 2010\Projects\QTMVC\packages\EntityFramework.4.1.10331.0\lib\EntityFramework.dll" />
      <DeploymentItem filename="D:\Work\My Documents\Visual Studio 2010\Projects\QTMVC\QTMVC\bin\QTMVC.dll" />
      <DeploymentItem filename="D:\Work\My Documents\Visual Studio 2010\Projects\QTMVC\packages\MvcSiteMapProvider.3.2.1.0\lib\net40\MvcSiteMapProvider.dll" />
    </Deployment>
    <Execution>
      <TestTypeSpecific />
      <AgentRule name="Execution Agents">
      </AgentRule>
    </Execution>
  </TestSettings>
  <Times creation="2012-02-01T13:27:06.4793547+04:00" queuing="2012-02-01T13:27:13.0227290+04:00" start="2012-02-01T13:27:13.2707431+04:00" finish="2012-02-01T13:27:18.0130144+04:00" />
  <ResultSummary outcome="Completed">
    <Counters total="2" executed="2" passed="2" error="0" failed="0" timeout="0" aborted="0" inconclusive="0" passedButRunAborted="0" notRunnable="0" notExecuted="0" disconnected="0" warning="0" completed="0" inProgress="0" pending="0" />
  </ResultSummary>
  <TestDefinitions>
    <UnitTest name="Index" storage="d:\work\my documents\visual studio 2010\projects\qtmvc\qtmvc.tests\bin\debug\qtmvc.tests.dll" id="02956672-24d8-6d8c-e639-eb7cf2065bdb">
      <Execution id="cdf4dbfd-1488-445e-b8cb-fd31c284fe1e" />
      <TestMethod codeBase="D:/Work/My Documents/Visual Studio 2010/Projects/QTMVC/QTMVC.Tests/bin/Debug/QTMVC.Tests.DLL" adapterTypeName="Microsoft.VisualStudio.TestTools.TestTypes.Unit.UnitTestAdapter, Microsoft.VisualStudio.QualityTools.Tips.UnitTest.Adapter, Version=10.0.0.0, Culture=neutral, PublicKeyToken=b03f5f7f11d50a3a" className="QTMVC.Tests.Controllers.HomeControllerTest, QTMVC.Tests, Version=1.0.0.0, Culture=neutral, PublicKeyToken=null" name="Index" />
    </UnitTest>
    <UnitTest name="About" storage="d:\work\my documents\visual studio 2010\projects\qtmvc\qtmvc.tests\bin\debug\qtmvc.tests.dll" id="ddc8372a-837a-56b7-6b7d-f84c46b8f008">
      <Execution id="a8f594d7-337b-48e1-9f23-5f6183705c11" />
      <TestMethod codeBase="D:/Work/My Documents/Visual Studio 2010/Projects/QTMVC/QTMVC.Tests/bin/Debug/QTMVC.Tests.DLL" adapterTypeName="Microsoft.VisualStudio.TestTools.TestTypes.Unit.UnitTestAdapter, Microsoft.VisualStudio.QualityTools.Tips.UnitTest.Adapter, Version=10.0.0.0, Culture=neutral, PublicKeyToken=b03f5f7f11d50a3a" className="QTMVC.Tests.Controllers.HomeControllerTest, QTMVC.Tests, Version=1.0.0.0, Culture=neutral, PublicKeyToken=null" name="About" />
    </UnitTest>
  </TestDefinitions>
  <TestLists>
    <TestList name="Results Not in a List" id="8c84fa94-04c1-424b-9868-57a2d4851a1d" />
    <TestList name="All Loaded Results" id="19431567-8539-422a-85d7-44ee4e166bda" />
  </TestLists>
  <TestEntries>
    <TestEntry testId="02956672-24d8-6d8c-e639-eb7cf2065bdb" executionId="cdf4dbfd-1488-445e-b8cb-fd31c284fe1e" testListId="8c84fa94-04c1-424b-9868-57a2d4851a1d" />
    <TestEntry testId="ddc8372a-837a-56b7-6b7d-f84c46b8f008" executionId="a8f594d7-337b-48e1-9f23-5f6183705c11" testListId="8c84fa94-04c1-424b-9868-57a2d4851a1d" />
  </TestEntries>
  <Results>
    <UnitTestResult executionId="cdf4dbfd-1488-445e-b8cb-fd31c284fe1e" testId="02956672-24d8-6d8c-e639-eb7cf2065bdb" testName="Index" computerName="W-NUREEVAV" duration="00:00:00.7551375" startTime="2012-02-01T13:27:13.6737662+04:00" endTime="2012-02-01T13:27:17.2969734+04:00" testType="13cdc9d9-ddb5-4fa4-a97d-d965ccfc6d4b" outcome="Passed" testListId="8c84fa94-04c1-424b-9868-57a2d4851a1d" relativeResultsDirectory="cdf4dbfd-1488-445e-b8cb-fd31c284fe1e">
    </UnitTestResult>
    <UnitTestResult executionId="a8f594d7-337b-48e1-9f23-5f6183705c11" testId="ddc8372a-837a-56b7-6b7d-f84c46b8f008" testName="About" computerName="W-NUREEVAV" duration="00:00:00.0003468" startTime="2012-02-01T13:27:17.4099799+04:00" endTime="2012-02-01T13:27:17.4249808+04:00" testType="13cdc9d9-ddb5-4fa4-a97d-d965ccfc6d4b" outcome="Passed" testListId="8c84fa94-04c1-424b-9868-57a2d4851a1d" relativeResultsDirectory="a8f594d7-337b-48e1-9f23-5f6183705c11">
    </UnitTestResult>
  </Results>
</TestRun>